// Jest Snapshot v1, https://goo.gl/fbAQLP

exports[`renders Footer correctly 1`] = `
<footer
  className="footer"
>
  <div
    className="container bg-dark p-3 text-center mt-4"
  >
    <span
      className="text-light"
    >
      Â©
       2021 All rights reserved | site by Abhigyan Mahanta.
    </span>
  </div>
</footer>
`;
